$ bun run --recursive build
$ bun run --recursive build
$ bun run --recursive build
$ bun run --recursive build
$ bun run --recursive build
$ bun run --recursive build
$ bun run --recursive build
$ bun run --recursive build
$ bun run --recursive build
$ bun run --recursive build
$ bun run --recursive build
$ bun run --recursive build
$ bun run --recursive build
$ bun run --recursive build
$ bun run --recursive build
$ bun run --recursive build
$ bun run --recursive build
$ bun run --recursive build
$ bun run --recursive build
$ bun run --recursive build
$ bun run --recursive build
$ bun run --recursive build
$ bun run --recursive build
$ bun run --recursive build
$ bun run --recursive build
$ bun run --recursive build
$ bun run --recursive build
$ bun run --recursive build
$ bun run --recursive build
$ bun run --recursive build
$ bun run --recursive build
$ bun run --recursive build
$ bun run --recursive build
$ bun run --recursive build
$ bun run --recursive build
$ bun run --recursive build
$ bun run --recursive build
$ bun run --recursive build
$ bun run --recursive build
$ bun run --recursive build
$ bun run --recursive build
$ bun run --recursive build
$ bun run --recursive build
$ bun run --recursive build
$ bun run --recursive build
$ bun run --recursive build
$ bun run --recursive build
$ bun run --recursive build
$ bun run --recursive build
$ bun run --recursive build
$ bun run --recursive build
$ bun run --recursive build
$ bun run --recursive build
$ bun run --recursive build
$ bun run --recursive build
$ bun run --recursive build
$ bun run --recursive build
$ bun run --recursive build
$ bun run --recursive build
$ bun run --recursive build
$ bun run --recursive build
$ bun run --recursive build
$ bun run --recursive build
$ bun run --recursive build
$ bun run --recursive build
$ bun run --recursive build
$ bun run --recursive build
$ bun run --recursive build
$ bun run --recursive build
$ bun run --recursive build
$ bun run --recursive build
$ bun run --recursive build
$ bun run --recursive build
$ bun run --recursive build
$ bun run --recursive build
$ bun run --recursive build
$ bun run --recursive build
$ bun run --recursive build
$ bun run --recursive build
$ bun run --recursive build
$ bun run --recursive build
$ bun run --recursive build
$ bun run --recursive build
$ bun run --recursive build
$ bun run --recursive build
$ bun run --recursive build
$ bun run --recursive build
$ bun run --recursive build
$ bun run --recursive build
$ bun run --recursive build
$ bun run --recursive build
$ bun run --recursive build
$ bun run --recursive build
$ bun run --recursive build
$ bun run --recursive build
$ bun run --recursive build
$ bun run --recursive build
$ bun run --recursive build
$ bun run --recursive build
$ bun run --recursive build
$ bun run --recursive build
$ bun run --recursive build
AssignProcessToJobObject: (50) The request is not supported.
error: script "build" exited with code 3
error: script "build" exited with code 3
$ bun run --recursive build
error: script "build" exited with code 3
error: script "build" exited with code 3
error: script "build" exited with code 3
error: script "build" exited with code 3
error: script "build" exited with code 3
error: script "build" exited with code 3
error: script "build" exited with code 3
error: script "build" exited with code 3
error: script "build" exited with code 3
$ bun run --recursive build
error: script "build" exited with code 3
error: script "build" exited with code 3
error: script "build" exited with code 3
error: script "build" exited with code 3
error: script "build" exited with code 3
error: script "build" exited with code 3
error: script "build" exited with code 3
error: script "build" exited with code 3
$ bun run --recursive build
error: script "build" exited with code 3
error: script "build" exited with code 3
error: script "build" exited with code 3
error: script "build" exited with code 3
error: script "build" exited with code 3
error: script "build" exited with code 3
error: script "build" exited with code 3
error: script "build" exited with code 3
$ bun run --recursive build
error: script "build" exited with code 3
error: script "build" exited with code 3
error: script "build" exited with code 3
error: script "build" exited with code 3
error: script "build" exited with code 3
error: script "build" exited with code 3
error: script "build" exited with code 3
error: script "build" exited with code 3
$ bun run --recursive build
error: script "build" exited with code 3
error: script "build" exited with code 3
error: script "build" exited with code 3
error: script "build" exited with code 3
error: script "build" exited with code 3
error: script "build" exited with code 3
error: script "build" exited with code 3
error: script "build" exited with code 3
error: script "build" exited with code 23
error: script "build" exited with code 3
error: script "build" exited with code 23
error: script "build" exited with code 23
error: script "build" exited with code 3
error: script "build" exited with code 23
error: script "build" exited with code 3
error: script "build" exited with code 23
error: script "build" exited with code 3
error: script "build" exited with code 3
error: script "build" exited with code 3
error: script "build" exited with code 3
error: script "build" exited with code 3
error: script "build" exited with code 3
error: script "build" exited with code 3
error: script "build" exited with code 3
error: script "build" exited with code 3
error: script "build" exited with code 3
error: script "build" exited with code 3
error: script "build" exited with code 3
error: script "build" exited with code 3
error: script "build" exited with code 3
error: script "build" exited with code 3
error: script "build" exited with code 3
error: script "build" exited with code 3
error: script "build" exited with code 3
error: script "build" exited with code 3
error: script "build" exited with code 3
error: script "build" exited with code 3
error: script "build" exited with code 3
error: script "build" exited with code 3
error: script "build" exited with code 3
error: script "build" exited with code 3
error: script "build" exited with code 3
error: script "build" exited with code 3
error: script "build" exited with code 3
error: script "build" exited with code 3
error: script "build" exited with code 3
error: script "build" exited with code 3
error: script "build" exited with code 3
error: script "build" exited with code 3
error: script "build" exited with code 3
error: script "build" exited with code 3
error: script "build" exited with code 3
error: script "build" exited with code 3
error: script "build" exited with code 3
error: script "build" exited with code 3
error: script "build" exited with code 3
error: script "build" exited with code 3
error: script "build" exited with code 3
error: script "build" exited with code 3
error: script "build" exited with code 3
error: script "build" exited with code 3
error: script "build" exited with code 3
error: script "build" exited with code 3
error: script "build" exited with code 3
error: script "build" exited with code 3
error: script "build" exited with code 3
error: script "build" exited with code 3
error: script "build" exited with code 3
error: script "build" exited with code 3
error: script "build" exited with code 3
error: script "build" exited with code 3
